// Jest Snapshot v1, https://goo.gl/fbAQLP

exports[`create-an-issue creates a new issue 1`] = `
Array [
  Array [
    Object {
      "assignees": Array [],
      "body": "Goodbye!",
      "labels": Array [],
      "milestone": undefined,
      "owner": "JasonEtco",
      "repo": "waddup",
      "title": "Hello!",
    },
  ],
]
`;

exports[`create-an-issue creates a new issue 2`] = `
Array [
  Array [
    "Created issue Hello!#1: www",
  ],
]
`;

exports[`create-an-issue creates a new issue with assignees, labels and a milestone 1`] = `
Array [
  Array [
    Object {
      "assignees": Array [
        "JasonEtco",
      ],
      "body": "The action create-an-issue is the best action.",
      "labels": Array [
        "bugs",
      ],
      "milestone": 2,
      "owner": "JasonEtco",
      "repo": "waddup",
      "title": "DO EVERYTHING",
    },
  ],
]
`;

exports[`create-an-issue creates a new issue with dates 1`] = `
Array [
  Array [
    Object {
      "assignees": Array [],
      "body": "### Monday, Apr 1st",
      "labels": Array [],
      "milestone": undefined,
      "owner": "JasonEtco",
      "repo": "waddup",
      "title": "Weekly Meeting Notes: April 1st - 6th",
    },
  ],
]
`;

exports[`create-an-issue creates a new issue with some template variables 1`] = `
Array [
  Array [
    Object {
      "assignees": Array [],
      "body": "The action create-an-issue is the best action.",
      "labels": Array [],
      "milestone": undefined,
      "owner": "JasonEtco",
      "repo": "waddup",
      "title": "Hello create-an-issue",
    },
  ],
]
`;
